[LOG] FMOD_System_Create                       : Header version = 2.03.14. Current version = 2.03.14.
[LOG] system_create                            : Header version = 2.03.14. Current version = 2.03.14.
[LOG] SystemI::setOutputInternal               : Setting output to 'FMOD Core Audio Output'
[LOG] Manager::init                            : maxchannels = 256 studioflags = 00000006 flags 00000000 extradriverdata 0x0.
[LOG] SystemI::init                            : Initialize version=20314 (164239), maxchannels=256, flags=0x00020000
[LOG] OutputCoreAudio::init                    : Output running 2 channels at 48000Hz sample rate.
[LOG] OutputCoreAudio::init                    : Maximum hardware read size: 1024 samples, Software buffer size: 512 samples, Number of software buffers: 4.
[LOG] Thread::initThread                       : Init FMOD stream thread. Affinity: 0x4000000000000003, Priority: 0xFFFF7FFB, Stack Size: 98304, Semaphore: No, Sleep Time: 10, Looping: Yes.
[LOG] SystemI::DSPCodecPoolRegister            : register codec pool for pool type 0
[LOG] Thread::initThread                       : Init FMOD mixer thread. Affinity: 0x4000000000000001, Priority: 0xFFFF7FFA, Stack Size: 81920, Semaphore: Yes, Sleep Time: 0, Looping: Yes.
[LOG] Thread::callback                         : FMOD stream thread finished.
[LOG] Thread::callback                         : FMOD mixer thread finished.
[LOG] SystemI::closeInternal                   : Closed.
[LOG] LiveUpdate::release                      : 
[LOG] LiveUpdate::reset                        : Reset connection (reason Disconnected)
[LOG] FMOD_System_Create                       : Header version = 2.03.14. Current version = 2.03.14.
[LOG] system_create                            : Header version = 2.03.14. Current version = 2.03.14.
[LOG] SystemI::setOutputInternal               : Setting output to 'FMOD NoSound Output'
[LOG] Manager::init                            : maxchannels = 256 studioflags = 00000006 flags 00000000 extradriverdata 0x0.
[LOG] SystemI::init                            : Initialize version=20314 (164239), maxchannels=256, flags=0x00020000
[LOG] Thread::initThread                       : Init FMOD stream thread. Affinity: 0x4000000000000003, Priority: 0xFFFF7FFB, Stack Size: 98304, Semaphore: No, Sleep Time: 10, Looping: Yes.
[LOG] SystemI::DSPCodecPoolRegister            : register codec pool for pool type 0
[LOG] Thread::initThread                       : Init FMOD mixer thread. Affinity: 0x4000000000000001, Priority: 0xFFFF7FFA, Stack Size: 81920, Semaphore: No, Sleep Time: 0, Looping: Yes.
[LOG] AsyncManager::init                       : manager 0x7fad47503608 isAsync 0 updatePeriod 0.02
[LOG] AsyncManager::init                       : done
[LOG] PlaybackSystem::init                     : 
[LOG] Thread::initThread                       : Init FMOD Studio sample load thread. Affinity: 0x4000000000000003, Priority: 0xFFFF7FFD, Stack Size: 98304, Semaphore: No, Sleep Time: 1, Looping: No.
[LOG] PlaybackSystem::init                     : done
[LOG] Thread::initThread                       : Init FMOD Studio bank load thread. Affinity: 0x4000000000000003, Priority: 0xFFFF7FFD, Stack Size: 98304, Semaphore: No, Sleep Time: 1, Looping: No.
[LOG] Manager::init                            : done.
[LOG] BankLoader::serializeBank                : fileversion = 146, compatVersion = 146 (oldest = 44, newest = 146)
[LOG] BankLoader::serializeBank                : fileversion = 146, compatVersion = 146 (oldest = 44, newest = 146)
[LOG] BankLoader::serializeBank                : fileversion = 146, compatVersion = 146 (oldest = 44, newest = 146)
[LOG] PlaybackSystem::acquireMasterBus         : Setting master channel group format to 6
[WRN] NoSound_MixerThread                      : Stall detected, 2024ms since last mix, audio will be discontinuous
[WRN] NoSound_MixerThread                      : Stall detected, 2038ms since last mix, audio will be discontinuous
[WRN] NoSound_MixerThread                      : Stall detected, 2029ms since last mix, audio will be discontinuous
[WRN] NoSound_MixerThread                      : Stall detected, 2040ms since last mix, audio will be discontinuous
[WRN] NoSound_MixerThread                      : Stall detected, 2044ms since last mix, audio will be discontinuous
[WRN] NoSound_MixerThread                      : Stall detected, 2032ms since last mix, audio will be discontinuous
[WRN] NoSound_MixerThread                      : Stall detected, 2046ms since last mix, audio will be discontinuous
[WRN] NoSound_MixerThread                      : Stall detected, 2026ms since last mix, audio will be discontinuous
[WRN] NoSound_MixerThread                      : Stall detected, 2059ms since last mix, audio will be discontinuous
[WRN] NoSound_MixerThread                      : Stall detected, 1601ms since last mix, audio will be discontinuous
[WRN] NoSound_MixerThread                      : Stall detected, 3754ms since last mix, audio will be discontinuous
[WRN] NoSound_MixerThread                      : Stall detected, 5533ms since last mix, audio will be discontinuous
[WRN] NoSound_MixerThread                      : Stall detected, 1887ms since last mix, audio will be discontinuous
[WRN] NoSound_MixerThread                      : Stall detected, 1894ms since last mix, audio will be discontinuous
[WRN] NoSound_MixerThread                      : Stall detected, 1249ms since last mix, audio will be discontinuous
[WRN] NoSound_MixerThread                      : Stall detected, 1447ms since last mix, audio will be discontinuous
[WRN] NoSound_MixerThread                      : Stall detected, 4050ms since last mix, audio will be discontinuous
[WRN] NoSound_MixerThread                      : Stall detected, 6460ms since last mix, audio will be discontinuous
[WRN] NoSound_MixerThread                      : Stall detected, 4495ms since last mix, audio will be discontinuous
[WRN] NoSound_MixerThread                      : Stall detected, 2199ms since last mix, audio will be discontinuous
[WRN] NoSound_MixerThread                      : Stall detected, 1243ms since last mix, audio will be discontinuous
[WRN] NoSound_MixerThread                      : Stall detected, 3248ms since last mix, audio will be discontinuous
[WRN] NoSound_MixerThread                      : Stall detected, 2182ms since last mix, audio will be discontinuous
[WRN] NoSound_MixerThread                      : Stall detected, 3107ms since last mix, audio will be discontinuous
[WRN] NoSound_MixerThread                      : Stall detected, 3795ms since last mix, audio will be discontinuous
[WRN] NoSound_MixerThread                      : Stall detected, 1546ms since last mix, audio will be discontinuous
[WRN] NoSound_MixerThread                      : Stall detected, 8145ms since last mix, audio will be discontinuous
[WRN] NoSound_MixerThread                      : Stall detected, 3806ms since last mix, audio will be discontinuous
[WRN] NoSound_MixerThread                      : Stall detected, 2801ms since last mix, audio will be discontinuous
[WRN] NoSound_MixerThread                      : Stall detected, 3095ms since last mix, audio will be discontinuous
[WRN] NoSound_MixerThread                      : Stall detected, 3447ms since last mix, audio will be discontinuous
[WRN] NoSound_MixerThread                      : Stall detected, 1103ms since last mix, audio will be discontinuous
[WRN] NoSound_MixerThread                      : Stall detected, 5702ms since last mix, audio will be discontinuous
[WRN] NoSound_MixerThread                      : Stall detected, 9949ms since last mix, audio will be discontinuous
[WRN] NoSound_MixerThread                      : Stall detected, 1660ms since last mix, audio will be discontinuous
[WRN] NoSound_MixerThread                      : Stall detected, 2139ms since last mix, audio will be discontinuous
[WRN] NoSound_MixerThread                      : Stall detected, 1847ms since last mix, audio will be discontinuous
[WRN] NoSound_MixerThread                      : Stall detected, 1898ms since last mix, audio will be discontinuous
[WRN] NoSound_MixerThread                      : Stall detected, 1354ms since last mix, audio will be discontinuous
[WRN] NoSound_MixerThread                      : Stall detected, 2096ms since last mix, audio will be discontinuous
[WRN] NoSound_MixerThread                      : Stall detected, 9252ms since last mix, audio will be discontinuous
[WRN] NoSound_MixerThread                      : Stall detected, 6648ms since last mix, audio will be discontinuous
[WRN] NoSound_MixerThread                      : Stall detected, 1432ms since last mix, audio will be discontinuous
[WRN] NoSound_MixerThread                      : Stall detected, 9224ms since last mix, audio will be discontinuous
[WRN] NoSound_MixerThread                      : Stall detected, 3557ms since last mix, audio will be discontinuous
[WRN] NoSound_MixerThread                      : Stall detected, 1454ms since last mix, audio will be discontinuous
[WRN] NoSound_MixerThread                      : Stall detected, 4120ms since last mix, audio will be discontinuous
[WRN] NoSound_MixerThread                      : Stall detected, 5413ms since last mix, audio will be discontinuous
[WRN] NoSound_MixerThread                      : Stall detected, 4342ms since last mix, audio will be discontinuous
[WRN] NoSound_MixerThread                      : Stall detected, 4534ms since last mix, audio will be discontinuous
[WRN] NoSound_MixerThread                      : Stall detected, 2066ms since last mix, audio will be discontinuous
[WRN] NoSound_MixerThread                      : Stall detected, 4503ms since last mix, audio will be discontinuous
[WRN] NoSound_MixerThread                      : Stall detected, 6587ms since last mix, audio will be discontinuous
[WRN] NoSound_MixerThread                      : Stall detected, 3924ms since last mix, audio will be discontinuous
[WRN] NoSound_MixerThread                      : Stall detected, 3651ms since last mix, audio will be discontinuous
[WRN] NoSound_MixerThread                      : Stall detected, 1149ms since last mix, audio will be discontinuous
[WRN] NoSound_MixerThread                      : Stall detected, 1250ms since last mix, audio will be discontinuous
[WRN] NoSound_MixerThread                      : Stall detected, 2701ms since last mix, audio will be discontinuous
[WRN] NoSound_MixerThread                      : Stall detected, 2153ms since last mix, audio will be discontinuous
[WRN] NoSound_MixerThread                      : Stall detected, 1455ms since last mix, audio will be discontinuous
[WRN] NoSound_MixerThread                      : Stall detected, 2094ms since last mix, audio will be discontinuous
[WRN] NoSound_MixerThread                      : Stall detected, 6308ms since last mix, audio will be discontinuous
[WRN] NoSound_MixerThread                      : Stall detected, 1750ms since last mix, audio will be discontinuous
[WRN] NoSound_MixerThread                      : Stall detected, 1747ms since last mix, audio will be discontinuous
[WRN] NoSound_MixerThread                      : Stall detected, 4156ms since last mix, audio will be discontinuous
[WRN] NoSound_MixerThread                      : Stall detected, 7251ms since last mix, audio will be discontinuous
[WRN] NoSound_MixerThread                      : Stall detected, 23737ms since last mix, audio will be discontinuous
[WRN] NoSound_MixerThread                      : Stall detected, 1423ms since last mix, audio will be discontinuous
[WRN] NoSound_MixerThread                      : Stall detected, 1504ms since last mix, audio will be discontinuous
[WRN] NoSound_MixerThread                      : Stall detected, 2010ms since last mix, audio will be discontinuous
[WRN] NoSound_MixerThread                      : Stall detected, 2653ms since last mix, audio will be discontinuous
[WRN] NoSound_MixerThread                      : Stall detected, 11788ms since last mix, audio will be discontinuous
[ERR] ~Global                                  : assertion: 'gSystemInitCount == 0' failed
